displays.c:85:6:HomeMenu	8	static
displays.c:112:6:CounterSettings	8	static
displays.c:142:6:ResetCounter	8	static
displays.c:159:20:Display_init	32	static
displays.c:178:6:Display_update	16	static
displays.c:291:6:has_var_changed	4	static
displays.c:303:6:reset_vars	4	static
displays.c:322:6:reset_counter	4	static
displays.c:328:6:history_isempty	4	static
displays.c:337:6:history_isfull	4	static
displays.c:346:5:history_peek	4	static
displays.c:351:5:history_pop	16	static
displays.c:363:6:history_push	16	static
