displays.c:111:6:HomeMenu	8	static
displays.c:138:6:CounterSettings	8	static
displays.c:169:6:ResetCounter	8	static
displays.c:197:6:ChangeIncrement	8	static
displays.c:219:20:Display_init	32	static
displays.c:238:6:Display_update	16	static
displays.c:440:6:checkButtons	4	static
displays.c:444:6:doNothing	4	static
displays.c:450:6:has_var_changed	4	static
displays.c:462:6:reset_vars	4	static
displays.c:488:6:reset_counter	4	static
displays.c:495:6:history_isempty	4	static
displays.c:504:6:history_isfull	4	static
displays.c:513:5:history_peek	4	static
displays.c:518:5:history_pop	16	static
displays.c:530:6:history_push	16	static
